{
  "version": "1.4.0",
  "plugins_used": [
    {
      "name": "ArtifactoryDetector"
    },
    {
      "name": "AWSKeyDetector"
    },
    {
      "name": "AzureStorageKeyDetector"
    },
    {
      "name": "Base64HighEntropyString",
      "limit": 4.5
    },
    {
      "name": "BasicAuthDetector"
    },
    {
      "name": "CloudantDetector"
    },
    {
      "name": "DiscordBotTokenDetector"
    },
    {
      "name": "GitHubTokenDetector"
    },
    {
      "name": "HexHighEntropyString",
      "limit": 3.0
    },
    {
      "name": "IbmCloudIamDetector"
    },
    {
      "name": "IbmCosHmacDetector"
    },
    {
      "name": "JwtTokenDetector"
    },
    {
      "name": "KeywordDetector",
      "keyword_exclude": ""
    },
    {
      "name": "MailchimpDetector"
    },
    {
      "name": "NpmDetector"
    },
    {
      "name": "PrivateKeyDetector"
    },
    {
      "name": "SendGridDetector"
    },
    {
      "name": "SlackDetector"
    },
    {
      "name": "SoftlayerDetector"
    },
    {
      "name": "SquareOAuthDetector"
    },
    {
      "name": "StripeDetector"
    },
    {
      "name": "TwilioKeyDetector"
    }
  ],
  "filters_used": [
    {
      "path": "detect_secrets.filters.allowlist.is_line_allowlisted"
    },
    {
      "path": "detect_secrets.filters.common.is_baseline_file",
      "filename": ".secrets.baseline"
    },
    {
      "path": "detect_secrets.filters.common.is_ignored_due_to_verification_policies",
      "min_level": 2
    },
    {
      "path": "detect_secrets.filters.heuristic.is_indirect_reference"
    },
    {
      "path": "detect_secrets.filters.heuristic.is_likely_id_string"
    },
    {
      "path": "detect_secrets.filters.heuristic.is_lock_file"
    },
    {
      "path": "detect_secrets.filters.heuristic.is_not_alphanumeric_string"
    },
    {
      "path": "detect_secrets.filters.heuristic.is_potential_uuid"
    },
    {
      "path": "detect_secrets.filters.heuristic.is_prefixed_with_dollar_sign"
    },
    {
      "path": "detect_secrets.filters.heuristic.is_sequential_string"
    },
    {
      "path": "detect_secrets.filters.heuristic.is_swagger_file"
    },
    {
      "path": "detect_secrets.filters.heuristic.is_templated_secret"
    }
  ],
  "results": {
    "Makefile": [
      {
        "type": "Basic Auth Credentials",
        "filename": "Makefile",
        "hashed_secret": "af82b5fe0a33d20cf06d0ecb9f92c7936506e93f",
        "is_verified": false,
        "line_number": 118
      }
    ],
    "README.md": [
      {
        "type": "Secret Keyword",
        "filename": "README.md",
        "hashed_secret": "d8c834d4541030c92de686e1c32e3bdbfaaafc47",
        "is_verified": false,
        "line_number": 1143
      },
      {
        "type": "Secret Keyword",
        "filename": "README.md",
        "hashed_secret": "2d48f942bfd0b1eb94023577ebaa73be178ae467",
        "is_verified": false,
        "line_number": 1336
      }
    ],
    "demo/insecure-code/vulnerable_payment.php": [
      {
        "type": "Secret Keyword",
        "filename": "demo/insecure-code/vulnerable_payment.php",
        "hashed_secret": "03f2eef71b7f402e49df2efb73f1c74269fda87a",
        "is_verified": false,
        "line_number": 29
      },
      {
        "type": "Secret Keyword",
        "filename": "demo/insecure-code/vulnerable_payment.php",
        "hashed_secret": "7f015cc9201e4b4414ee2e2bda46853fd7f139c4",
        "is_verified": false,
        "line_number": 30
      }
    ],
    "demo/insecure-code/vulnerable_payment.py": [
      {
        "type": "Secret Keyword",
        "filename": "demo/insecure-code/vulnerable_payment.py",
        "hashed_secret": "b8b42fbbc2677168600e2b684fe3e87a1d0a4bb5",
        "is_verified": false,
        "line_number": 42
      }
    ],
    "k8s/rabbitmq/values-rabbitmq.yaml": [
      {
        "type": "Secret Keyword",
        "filename": "k8s/rabbitmq/values-rabbitmq.yaml",
        "hashed_secret": "af82b5fe0a33d20cf06d0ecb9f92c7936506e93f",
        "is_verified": false,
        "line_number": 29
      }
    ],
    "k8s/secrets/external-secret.yaml": [
      {
        "type": "Secret Keyword",
        "filename": "k8s/secrets/external-secret.yaml",
        "hashed_secret": "665b1e3851eefefa3fb878654292f16597d25155",
        "is_verified": false,
        "line_number": 36
      },
      {
        "type": "Secret Keyword",
        "filename": "k8s/secrets/external-secret.yaml",
        "hashed_secret": "5baa61e4c9b93f3f0682250b6cf8331b7ee68fd8",
        "is_verified": false,
        "line_number": 64
      },
      {
        "type": "Secret Keyword",
        "filename": "k8s/secrets/external-secret.yaml",
        "hashed_secret": "86dd1cf45142e904cb2e99c2721fac3ca198c6ca",
        "is_verified": false,
        "line_number": 68
      }
    ],
    "scripts/seed-secrets.sh": [
      {
        "type": "Secret Keyword",
        "filename": "scripts/seed-secrets.sh",
        "hashed_secret": "7b0d29ab3151882d074a6995935e6673f39f0799",
        "is_verified": false,
        "line_number": 44
      },
      {
        "type": "Secret Keyword",
        "filename": "scripts/seed-secrets.sh",
        "hashed_secret": "9ea13ec9ab1bdb0b4849af9625d8b31b98774a12",
        "is_verified": false,
        "line_number": 50
      }
    ]
  },
  "generated_at": "2026-06-16T20:45:44Z"
}
